// Jest Snapshot v1, https://goo.gl/fbAQLP

exports[`cta Spec Tests >>> should render a cta Component 1`] = `
<wc-cta>
  <!---->
  <button></button>
</wc-cta>
`;
